2025-10-16 12:13:59,650 - train_logger - INFO - Model Bi-TSENet initialized with 205231 trainable parameters
2025-10-16 12:14:00,386 - train_logger - INFO - Starting Bi-TSENet training on data8 dataset with 170 nodes
2025-10-16 12:14:31,263 - train_logger - INFO - Epoch 1/100 | Train Loss: 0.096555 | Val Loss: 0.074360
2025-10-16 12:14:31,273 - train_logger - INFO - Saved new best model with validation loss: 0.074360
2025-10-16 12:15:01,989 - train_logger - INFO - Epoch 2/100 | Train Loss: 0.071939 | Val Loss: 0.081170
2025-10-16 12:15:33,011 - train_logger - INFO - Epoch 3/100 | Train Loss: 0.071091 | Val Loss: 0.072029
2025-10-16 12:15:33,036 - train_logger - INFO - Saved new best model with validation loss: 0.072029
2025-10-16 12:16:03,995 - train_logger - INFO - Epoch 4/100 | Train Loss: 0.068153 | Val Loss: 0.070825
2025-10-16 12:16:04,002 - train_logger - INFO - Saved new best model with validation loss: 0.070825
2025-10-16 12:16:34,467 - train_logger - INFO - Epoch 5/100 | Train Loss: 0.067106 | Val Loss: 0.072038
2025-10-16 12:17:05,015 - train_logger - INFO - Epoch 6/100 | Train Loss: 0.067992 | Val Loss: 0.071803
2025-10-16 12:17:35,680 - train_logger - INFO - Epoch 7/100 | Train Loss: 0.066387 | Val Loss: 0.067862
2025-10-16 12:17:35,691 - train_logger - INFO - Saved new best model with validation loss: 0.067862
2025-10-16 12:18:06,112 - train_logger - INFO - Epoch 8/100 | Train Loss: 0.066317 | Val Loss: 0.070568
2025-10-16 12:18:36,716 - train_logger - INFO - Epoch 9/100 | Train Loss: 0.066239 | Val Loss: 0.066728
2025-10-16 12:18:36,724 - train_logger - INFO - Saved new best model with validation loss: 0.066728
2025-10-16 12:19:07,513 - train_logger - INFO - Epoch 10/100 | Train Loss: 0.065273 | Val Loss: 0.077509
2025-10-16 12:19:38,686 - train_logger - INFO - Epoch 11/100 | Train Loss: 0.065210 | Val Loss: 0.066853
2025-10-16 12:20:09,458 - train_logger - INFO - Epoch 12/100 | Train Loss: 0.064275 | Val Loss: 0.066575
2025-10-16 12:20:09,473 - train_logger - INFO - Saved new best model with validation loss: 0.066575
2025-10-16 12:20:39,692 - train_logger - INFO - Epoch 13/100 | Train Loss: 0.064088 | Val Loss: 0.065935
2025-10-16 12:20:39,706 - train_logger - INFO - Saved new best model with validation loss: 0.065935
2025-10-16 12:21:09,751 - train_logger - INFO - Epoch 14/100 | Train Loss: 0.064179 | Val Loss: 0.065486
2025-10-16 12:21:09,758 - train_logger - INFO - Saved new best model with validation loss: 0.065486
2025-10-16 12:21:39,817 - train_logger - INFO - Epoch 15/100 | Train Loss: 0.063836 | Val Loss: 0.068058
2025-10-16 12:22:09,893 - train_logger - INFO - Epoch 16/100 | Train Loss: 0.063779 | Val Loss: 0.066320
2025-10-16 12:22:40,588 - train_logger - INFO - Epoch 17/100 | Train Loss: 0.063306 | Val Loss: 0.065724
2025-10-16 12:23:10,693 - train_logger - INFO - Epoch 18/100 | Train Loss: 0.063455 | Val Loss: 0.067263
2025-10-16 12:23:40,778 - train_logger - INFO - Epoch 19/100 | Train Loss: 0.063082 | Val Loss: 0.064703
2025-10-16 12:23:40,793 - train_logger - INFO - Saved new best model with validation loss: 0.064703
2025-10-16 12:24:10,846 - train_logger - INFO - Epoch 20/100 | Train Loss: 0.062632 | Val Loss: 0.064957
2025-10-16 12:24:40,956 - train_logger - INFO - Epoch 21/100 | Train Loss: 0.062047 | Val Loss: 0.072350
2025-10-16 12:25:11,363 - train_logger - INFO - Epoch 22/100 | Train Loss: 0.062439 | Val Loss: 0.064998
2025-10-16 12:25:41,696 - train_logger - INFO - Epoch 23/100 | Train Loss: 0.061837 | Val Loss: 0.071703
2025-10-16 12:26:11,782 - train_logger - INFO - Epoch 24/100 | Train Loss: 0.063105 | Val Loss: 0.065039
2025-10-16 12:26:42,099 - train_logger - INFO - Epoch 25/100 | Train Loss: 0.061749 | Val Loss: 0.066185
2025-10-16 12:27:12,431 - train_logger - INFO - Epoch 26/100 | Train Loss: 0.062041 | Val Loss: 0.063988
2025-10-16 12:27:12,431 - train_logger - INFO - Saved new best model with validation loss: 0.063988
2025-10-16 12:27:43,138 - train_logger - INFO - Epoch 27/100 | Train Loss: 0.061903 | Val Loss: 0.065619
2025-10-16 12:28:14,092 - train_logger - INFO - Epoch 28/100 | Train Loss: 0.061607 | Val Loss: 0.068180
2025-10-16 12:28:45,079 - train_logger - INFO - Epoch 29/100 | Train Loss: 0.061391 | Val Loss: 0.064017
2025-10-16 12:29:16,194 - train_logger - INFO - Epoch 30/100 | Train Loss: 0.061387 | Val Loss: 0.065343
2025-10-16 12:29:46,587 - train_logger - INFO - Epoch 31/100 | Train Loss: 0.060929 | Val Loss: 0.063703
2025-10-16 12:29:46,603 - train_logger - INFO - Saved new best model with validation loss: 0.063703
2025-10-16 12:30:17,579 - train_logger - INFO - Epoch 32/100 | Train Loss: 0.060547 | Val Loss: 0.063033
2025-10-16 12:30:17,582 - train_logger - INFO - Saved new best model with validation loss: 0.063033
2025-10-16 12:30:48,271 - train_logger - INFO - Epoch 33/100 | Train Loss: 0.060456 | Val Loss: 0.065005
2025-10-16 12:31:18,617 - train_logger - INFO - Epoch 34/100 | Train Loss: 0.060439 | Val Loss: 0.064153
2025-10-16 12:31:49,101 - train_logger - INFO - Epoch 35/100 | Train Loss: 0.060309 | Val Loss: 0.063595
2025-10-16 12:32:20,015 - train_logger - INFO - Epoch 36/100 | Train Loss: 0.060293 | Val Loss: 0.064002
2025-10-16 12:32:50,785 - train_logger - INFO - Epoch 37/100 | Train Loss: 0.060060 | Val Loss: 0.064254
2025-10-16 12:33:21,603 - train_logger - INFO - Epoch 38/100 | Train Loss: 0.060120 | Val Loss: 0.064495
2025-10-16 12:33:52,642 - train_logger - INFO - Epoch 39/100 | Train Loss: 0.060185 | Val Loss: 0.064448
2025-10-16 12:34:23,588 - train_logger - INFO - Epoch 40/100 | Train Loss: 0.059938 | Val Loss: 0.063247
2025-10-16 12:34:54,015 - train_logger - INFO - Epoch 41/100 | Train Loss: 0.059423 | Val Loss: 0.063111
2025-10-16 12:35:24,044 - train_logger - INFO - Epoch 42/100 | Train Loss: 0.059102 | Val Loss: 0.062601
2025-10-16 12:35:24,044 - train_logger - INFO - Saved new best model with validation loss: 0.062601
2025-10-16 12:35:54,032 - train_logger - INFO - Epoch 43/100 | Train Loss: 0.059320 | Val Loss: 0.063326
2025-10-16 12:36:24,066 - train_logger - INFO - Epoch 44/100 | Train Loss: 0.059385 | Val Loss: 0.063090
2025-10-16 12:36:54,022 - train_logger - INFO - Epoch 45/100 | Train Loss: 0.059180 | Val Loss: 0.063830
2025-10-16 12:37:24,029 - train_logger - INFO - Epoch 46/100 | Train Loss: 0.059135 | Val Loss: 0.063228
2025-10-16 12:37:54,042 - train_logger - INFO - Epoch 47/100 | Train Loss: 0.058900 | Val Loss: 0.062658
2025-10-16 12:38:24,252 - train_logger - INFO - Epoch 48/100 | Train Loss: 0.058744 | Val Loss: 0.062807
2025-10-16 12:38:54,833 - train_logger - INFO - Epoch 49/100 | Train Loss: 0.058777 | Val Loss: 0.063262
2025-10-16 12:39:26,218 - train_logger - INFO - Epoch 50/100 | Train Loss: 0.058762 | Val Loss: 0.063026
2025-10-16 12:39:58,610 - train_logger - INFO - Epoch 51/100 | Train Loss: 0.058321 | Val Loss: 0.062800
2025-10-16 12:40:31,949 - train_logger - INFO - Epoch 52/100 | Train Loss: 0.058463 | Val Loss: 0.062800
2025-10-16 12:41:03,683 - train_logger - INFO - Epoch 53/100 | Train Loss: 0.058232 | Val Loss: 0.063105
2025-10-16 12:41:35,652 - train_logger - INFO - Epoch 54/100 | Train Loss: 0.058230 | Val Loss: 0.062828
2025-10-16 12:42:06,233 - train_logger - INFO - Epoch 55/100 | Train Loss: 0.058262 | Val Loss: 0.064193
2025-10-16 12:42:36,667 - train_logger - INFO - Epoch 56/100 | Train Loss: 0.058211 | Val Loss: 0.062488
2025-10-16 12:42:36,674 - train_logger - INFO - Saved new best model with validation loss: 0.062488
2025-10-16 12:43:06,948 - train_logger - INFO - Epoch 57/100 | Train Loss: 0.058266 | Val Loss: 0.062938
2025-10-16 12:43:37,541 - train_logger - INFO - Epoch 58/100 | Train Loss: 0.058106 | Val Loss: 0.062882
2025-10-16 12:44:07,917 - train_logger - INFO - Epoch 59/100 | Train Loss: 0.057866 | Val Loss: 0.062954
2025-10-16 12:44:38,287 - train_logger - INFO - Epoch 60/100 | Train Loss: 0.057959 | Val Loss: 0.063302
2025-10-16 12:45:08,672 - train_logger - INFO - Epoch 61/100 | Train Loss: 0.057530 | Val Loss: 0.062535
2025-10-16 12:45:39,443 - train_logger - INFO - Epoch 62/100 | Train Loss: 0.057463 | Val Loss: 0.062455
2025-10-16 12:45:39,449 - train_logger - INFO - Saved new best model with validation loss: 0.062455
2025-10-16 12:46:09,555 - train_logger - INFO - Epoch 63/100 | Train Loss: 0.057507 | Val Loss: 0.062357
2025-10-16 12:46:09,562 - train_logger - INFO - Saved new best model with validation loss: 0.062357
2025-10-16 12:46:40,741 - train_logger - INFO - Epoch 64/100 | Train Loss: 0.057509 | Val Loss: 0.063116
2025-10-16 12:47:11,672 - train_logger - INFO - Epoch 65/100 | Train Loss: 0.057381 | Val Loss: 0.062799
2025-10-16 12:47:42,296 - train_logger - INFO - Epoch 66/100 | Train Loss: 0.057362 | Val Loss: 0.062430
2025-10-16 12:48:12,348 - train_logger - INFO - Epoch 67/100 | Train Loss: 0.057182 | Val Loss: 0.062204
2025-10-16 12:48:12,353 - train_logger - INFO - Saved new best model with validation loss: 0.062204
2025-10-16 12:48:42,536 - train_logger - INFO - Epoch 68/100 | Train Loss: 0.057254 | Val Loss: 0.062253
2025-10-16 12:49:13,185 - train_logger - INFO - Epoch 69/100 | Train Loss: 0.057246 | Val Loss: 0.062091
2025-10-16 12:49:13,195 - train_logger - INFO - Saved new best model with validation loss: 0.062091
2025-10-16 12:49:43,912 - train_logger - INFO - Epoch 70/100 | Train Loss: 0.057270 | Val Loss: 0.062772
2025-10-16 12:50:13,832 - train_logger - INFO - Epoch 71/100 | Train Loss: 0.057021 | Val Loss: 0.062339
2025-10-16 12:50:44,576 - train_logger - INFO - Epoch 72/100 | Train Loss: 0.056942 | Val Loss: 0.062218
2025-10-16 12:51:16,242 - train_logger - INFO - Epoch 73/100 | Train Loss: 0.056848 | Val Loss: 0.062118
2025-10-16 12:51:46,728 - train_logger - INFO - Epoch 74/100 | Train Loss: 0.056916 | Val Loss: 0.061965
2025-10-16 12:51:46,730 - train_logger - INFO - Saved new best model with validation loss: 0.061965
2025-10-16 12:52:18,580 - train_logger - INFO - Epoch 75/100 | Train Loss: 0.056763 | Val Loss: 0.062324
2025-10-16 12:52:49,881 - train_logger - INFO - Epoch 76/100 | Train Loss: 0.056806 | Val Loss: 0.062081
2025-10-16 12:53:21,307 - train_logger - INFO - Epoch 77/100 | Train Loss: 0.056759 | Val Loss: 0.062933
2025-10-16 12:53:51,836 - train_logger - INFO - Epoch 78/100 | Train Loss: 0.056823 | Val Loss: 0.062139
2025-10-16 12:54:22,509 - train_logger - INFO - Epoch 79/100 | Train Loss: 0.056685 | Val Loss: 0.062413
2025-10-16 12:54:54,818 - train_logger - INFO - Epoch 80/100 | Train Loss: 0.056637 | Val Loss: 0.062363
2025-10-16 12:55:26,630 - train_logger - INFO - Epoch 81/100 | Train Loss: 0.056418 | Val Loss: 0.062032
2025-10-16 12:55:57,966 - train_logger - INFO - Epoch 82/100 | Train Loss: 0.056458 | Val Loss: 0.062259
2025-10-16 12:56:29,520 - train_logger - INFO - Epoch 83/100 | Train Loss: 0.056423 | Val Loss: 0.061867
2025-10-16 12:56:29,527 - train_logger - INFO - Saved new best model with validation loss: 0.061867
2025-10-16 12:57:00,772 - train_logger - INFO - Epoch 84/100 | Train Loss: 0.056405 | Val Loss: 0.062201
2025-10-16 12:57:32,530 - train_logger - INFO - Epoch 85/100 | Train Loss: 0.056484 | Val Loss: 0.062717
2025-10-16 12:58:04,774 - train_logger - INFO - Epoch 86/100 | Train Loss: 0.056743 | Val Loss: 0.062507
2025-10-16 12:58:37,291 - train_logger - INFO - Epoch 87/100 | Train Loss: 0.056330 | Val Loss: 0.062418
2025-10-16 12:59:09,247 - train_logger - INFO - Epoch 88/100 | Train Loss: 0.056283 | Val Loss: 0.062121
2025-10-16 12:59:40,397 - train_logger - INFO - Epoch 89/100 | Train Loss: 0.056298 | Val Loss: 0.062194
2025-10-16 13:00:11,088 - train_logger - INFO - Epoch 90/100 | Train Loss: 0.056277 | Val Loss: 0.062197
2025-10-16 13:00:41,818 - train_logger - INFO - Epoch 91/100 | Train Loss: 0.056182 | Val Loss: 0.062091
2025-10-16 13:01:12,598 - train_logger - INFO - Epoch 92/100 | Train Loss: 0.056157 | Val Loss: 0.062212
2025-10-16 13:01:43,639 - train_logger - INFO - Epoch 93/100 | Train Loss: 0.056107 | Val Loss: 0.062212
2025-10-16 13:02:14,115 - train_logger - INFO - Epoch 94/100 | Train Loss: 0.056067 | Val Loss: 0.062385
2025-10-16 13:02:44,059 - train_logger - INFO - Epoch 95/100 | Train Loss: 0.056067 | Val Loss: 0.062277
2025-10-16 13:03:14,473 - train_logger - INFO - Epoch 96/100 | Train Loss: 0.055993 | Val Loss: 0.062027
2025-10-16 13:03:45,038 - train_logger - INFO - Epoch 97/100 | Train Loss: 0.056036 | Val Loss: 0.062233
2025-10-16 13:04:16,136 - train_logger - INFO - Epoch 98/100 | Train Loss: 0.056042 | Val Loss: 0.062123
2025-10-16 13:04:46,539 - train_logger - INFO - Epoch 99/100 | Train Loss: 0.056162 | Val Loss: 0.062442
2025-10-16 13:05:17,049 - train_logger - INFO - Epoch 100/100 | Train Loss: 0.056019 | Val Loss: 0.062288
2025-10-16 13:05:17,050 - train_logger - INFO - Training completed in 3076.66 seconds
