2025-10-15 16:58:44,028 - main_logger - INFO - ======================================================================
2025-10-15 16:58:44,028 - main_logger - INFO - ===== Starting Bi-TSENet Execution for Dataset: data4 =====
2025-10-15 16:58:44,028 - main_logger - INFO - ======================================================================
2025-10-15 16:58:44,028 - main_logger - INFO - MODE: all
2025-10-15 16:58:44,028 - main_logger - INFO - DEVICE: cuda
2025-10-15 16:58:44,028 - main_logger - INFO - --- Hyperparameters ---
2025-10-15 16:58:44,034 - main_logger - INFO -   - Learning Rate: 0.001
2025-10-15 16:58:44,036 - main_logger - INFO -   - Batch Size: 32
2025-10-15 16:58:44,036 - main_logger - INFO -   - Epochs: 50
2025-10-15 16:58:44,036 - main_logger - INFO -   - Sequence Length: 12
2025-10-15 16:58:44,037 - main_logger - INFO -   - Prediction Horizon: 12
2025-10-15 16:58:44,038 - main_logger - INFO -   - Relation Aggregation: weighted_sum
2025-10-15 16:58:44,039 - main_logger - INFO - 
--- Phase: Training ---
2025-10-15 19:50:10,877 - main_logger - INFO - ======================================================================
2025-10-15 19:50:10,877 - main_logger - INFO - ===== Starting Bi-TSENet Execution for Dataset: data4 =====
2025-10-15 19:50:10,877 - main_logger - INFO - ======================================================================
2025-10-15 19:50:10,877 - main_logger - INFO - MODE: all
2025-10-15 19:50:10,877 - main_logger - INFO - DEVICE: cuda
2025-10-15 19:50:10,877 - main_logger - INFO - --- Hyperparameters ---
2025-10-15 19:50:10,877 - main_logger - INFO -   - Learning Rate: 0.001
2025-10-15 19:50:10,877 - main_logger - INFO -   - Batch Size: 32
2025-10-15 19:50:10,877 - main_logger - INFO -   - Epochs: 100
2025-10-15 19:50:10,884 - main_logger - INFO -   - Sequence Length: 12
2025-10-15 19:50:10,884 - main_logger - INFO -   - Prediction Horizon: 12
2025-10-15 19:50:10,885 - main_logger - INFO -   - Relation Aggregation: weighted_sum
2025-10-15 19:50:10,885 - main_logger - INFO - 
--- Phase: Training ---
2025-10-15 21:24:52,705 - main_logger - INFO - 
--- Phase: Testing ---
2025-10-15 21:25:06,581 - main_logger - INFO - 
--- Phase: Visualization ---
