2025-10-16 13:14:23,463 - train_logger - INFO - Model Bi-TSENet initialized with 208495 trainable parameters
2025-10-16 13:14:24,162 - train_logger - INFO - Starting Bi-TSENet training on data8 dataset with 170 nodes
2025-10-16 13:14:50,633 - train_logger - INFO - Epoch 1/100 | Train Loss: 0.085737 | Val Loss: 0.075664
2025-10-16 13:14:50,642 - train_logger - INFO - Saved new best model with validation loss: 0.075664
2025-10-16 13:15:17,186 - train_logger - INFO - Epoch 2/100 | Train Loss: 0.070757 | Val Loss: 0.073082
2025-10-16 13:15:17,194 - train_logger - INFO - Saved new best model with validation loss: 0.073082
2025-10-16 13:15:43,389 - train_logger - INFO - Epoch 3/100 | Train Loss: 0.069115 | Val Loss: 0.071665
2025-10-16 13:15:43,394 - train_logger - INFO - Saved new best model with validation loss: 0.071665
2025-10-16 13:16:09,495 - train_logger - INFO - Epoch 4/100 | Train Loss: 0.067723 | Val Loss: 0.067926
2025-10-16 13:16:09,502 - train_logger - INFO - Saved new best model with validation loss: 0.067926
2025-10-16 13:16:35,511 - train_logger - INFO - Epoch 5/100 | Train Loss: 0.066101 | Val Loss: 0.069857
2025-10-16 13:17:01,626 - train_logger - INFO - Epoch 6/100 | Train Loss: 0.066212 | Val Loss: 0.068275
2025-10-16 13:17:28,306 - train_logger - INFO - Epoch 7/100 | Train Loss: 0.065299 | Val Loss: 0.067280
2025-10-16 13:17:28,313 - train_logger - INFO - Saved new best model with validation loss: 0.067280
2025-10-16 13:17:54,659 - train_logger - INFO - Epoch 8/100 | Train Loss: 0.064999 | Val Loss: 0.066842
2025-10-16 13:17:54,666 - train_logger - INFO - Saved new best model with validation loss: 0.066842
2025-10-16 13:18:21,094 - train_logger - INFO - Epoch 9/100 | Train Loss: 0.064426 | Val Loss: 0.066413
2025-10-16 13:18:21,104 - train_logger - INFO - Saved new best model with validation loss: 0.066413
2025-10-16 13:18:47,267 - train_logger - INFO - Epoch 10/100 | Train Loss: 0.064256 | Val Loss: 0.066831
2025-10-16 13:19:13,323 - train_logger - INFO - Epoch 11/100 | Train Loss: 0.063319 | Val Loss: 0.066451
2025-10-16 13:19:39,617 - train_logger - INFO - Epoch 12/100 | Train Loss: 0.063115 | Val Loss: 0.064981
2025-10-16 13:19:39,624 - train_logger - INFO - Saved new best model with validation loss: 0.064981
2025-10-16 13:20:05,775 - train_logger - INFO - Epoch 13/100 | Train Loss: 0.062817 | Val Loss: 0.066926
2025-10-16 13:20:31,993 - train_logger - INFO - Epoch 14/100 | Train Loss: 0.062501 | Val Loss: 0.065348
2025-10-16 13:20:58,296 - train_logger - INFO - Epoch 15/100 | Train Loss: 0.062656 | Val Loss: 0.065136
2025-10-16 13:21:24,578 - train_logger - INFO - Epoch 16/100 | Train Loss: 0.062787 | Val Loss: 0.064457
2025-10-16 13:21:24,586 - train_logger - INFO - Saved new best model with validation loss: 0.064457
2025-10-16 13:21:50,764 - train_logger - INFO - Epoch 17/100 | Train Loss: 0.062363 | Val Loss: 0.065563
2025-10-16 13:22:17,036 - train_logger - INFO - Epoch 18/100 | Train Loss: 0.062182 | Val Loss: 0.064673
2025-10-16 13:22:43,121 - train_logger - INFO - Epoch 19/100 | Train Loss: 0.061880 | Val Loss: 0.064629
2025-10-16 13:23:09,436 - train_logger - INFO - Epoch 20/100 | Train Loss: 0.061848 | Val Loss: 0.064581
2025-10-16 13:23:35,740 - train_logger - INFO - Epoch 21/100 | Train Loss: 0.060969 | Val Loss: 0.064301
2025-10-16 13:23:35,749 - train_logger - INFO - Saved new best model with validation loss: 0.064301
2025-10-16 13:24:01,811 - train_logger - INFO - Epoch 22/100 | Train Loss: 0.060790 | Val Loss: 0.064917
2025-10-16 13:24:27,592 - train_logger - INFO - Epoch 23/100 | Train Loss: 0.060746 | Val Loss: 0.065018
2025-10-16 13:24:53,435 - train_logger - INFO - Epoch 24/100 | Train Loss: 0.060628 | Val Loss: 0.064760
2025-10-16 13:25:19,411 - train_logger - INFO - Epoch 25/100 | Train Loss: 0.060742 | Val Loss: 0.063948
2025-10-16 13:25:19,418 - train_logger - INFO - Saved new best model with validation loss: 0.063948
2025-10-16 13:25:45,167 - train_logger - INFO - Epoch 26/100 | Train Loss: 0.060671 | Val Loss: 0.063455
2025-10-16 13:25:45,172 - train_logger - INFO - Saved new best model with validation loss: 0.063455
2025-10-16 13:26:11,075 - train_logger - INFO - Epoch 27/100 | Train Loss: 0.060441 | Val Loss: 0.063048
2025-10-16 13:26:11,081 - train_logger - INFO - Saved new best model with validation loss: 0.063048
2025-10-16 13:26:37,344 - train_logger - INFO - Epoch 28/100 | Train Loss: 0.060486 | Val Loss: 0.063025
2025-10-16 13:26:37,352 - train_logger - INFO - Saved new best model with validation loss: 0.063025
2025-10-16 13:27:02,942 - train_logger - INFO - Epoch 29/100 | Train Loss: 0.060325 | Val Loss: 0.063861
2025-10-16 13:27:29,883 - train_logger - INFO - Epoch 30/100 | Train Loss: 0.060242 | Val Loss: 0.063398
2025-10-16 13:27:55,686 - train_logger - INFO - Epoch 31/100 | Train Loss: 0.059591 | Val Loss: 0.064738
2025-10-16 13:28:21,545 - train_logger - INFO - Epoch 32/100 | Train Loss: 0.059457 | Val Loss: 0.064099
2025-10-16 13:28:47,483 - train_logger - INFO - Epoch 33/100 | Train Loss: 0.059642 | Val Loss: 0.063154
2025-10-16 13:29:13,325 - train_logger - INFO - Epoch 34/100 | Train Loss: 0.059310 | Val Loss: 0.064657
2025-10-16 13:29:39,228 - train_logger - INFO - Epoch 35/100 | Train Loss: 0.059345 | Val Loss: 0.063854
2025-10-16 13:30:05,211 - train_logger - INFO - Epoch 36/100 | Train Loss: 0.059364 | Val Loss: 0.065216
2025-10-16 13:30:31,174 - train_logger - INFO - Epoch 37/100 | Train Loss: 0.059158 | Val Loss: 0.063986
2025-10-16 13:30:57,085 - train_logger - INFO - Epoch 38/100 | Train Loss: 0.059203 | Val Loss: 0.062622
2025-10-16 13:30:57,091 - train_logger - INFO - Saved new best model with validation loss: 0.062622
2025-10-16 13:31:23,134 - train_logger - INFO - Epoch 39/100 | Train Loss: 0.059110 | Val Loss: 0.063452
2025-10-16 13:31:49,173 - train_logger - INFO - Epoch 40/100 | Train Loss: 0.059095 | Val Loss: 0.062741
2025-10-16 13:32:15,158 - train_logger - INFO - Epoch 41/100 | Train Loss: 0.058493 | Val Loss: 0.063791
2025-10-16 13:32:41,149 - train_logger - INFO - Epoch 42/100 | Train Loss: 0.058495 | Val Loss: 0.063223
2025-10-16 13:33:07,181 - train_logger - INFO - Epoch 43/100 | Train Loss: 0.058455 | Val Loss: 0.063140
2025-10-16 13:33:33,462 - train_logger - INFO - Epoch 44/100 | Train Loss: 0.058317 | Val Loss: 0.062919
2025-10-16 13:33:59,572 - train_logger - INFO - Epoch 45/100 | Train Loss: 0.058378 | Val Loss: 0.062611
2025-10-16 13:33:59,580 - train_logger - INFO - Saved new best model with validation loss: 0.062611
2025-10-16 13:34:25,744 - train_logger - INFO - Epoch 46/100 | Train Loss: 0.058315 | Val Loss: 0.064856
2025-10-16 13:34:52,020 - train_logger - INFO - Epoch 47/100 | Train Loss: 0.058237 | Val Loss: 0.064569
2025-10-16 13:35:17,927 - train_logger - INFO - Epoch 48/100 | Train Loss: 0.058172 | Val Loss: 0.063373
2025-10-16 13:35:43,972 - train_logger - INFO - Epoch 49/100 | Train Loss: 0.058354 | Val Loss: 0.063511
2025-10-16 13:36:09,889 - train_logger - INFO - Epoch 50/100 | Train Loss: 0.058125 | Val Loss: 0.063124
2025-10-16 13:36:36,082 - train_logger - INFO - Epoch 51/100 | Train Loss: 0.057752 | Val Loss: 0.063183
2025-10-16 13:37:02,454 - train_logger - INFO - Epoch 52/100 | Train Loss: 0.057727 | Val Loss: 0.063507
2025-10-16 13:37:28,781 - train_logger - INFO - Epoch 53/100 | Train Loss: 0.057675 | Val Loss: 0.063503
2025-10-16 13:37:55,107 - train_logger - INFO - Epoch 54/100 | Train Loss: 0.057615 | Val Loss: 0.063942
2025-10-16 13:38:20,810 - train_logger - INFO - Epoch 55/100 | Train Loss: 0.057524 | Val Loss: 0.063061
2025-10-16 13:38:47,664 - train_logger - INFO - Epoch 56/100 | Train Loss: 0.057496 | Val Loss: 0.063389
2025-10-16 13:39:13,732 - train_logger - INFO - Epoch 57/100 | Train Loss: 0.057567 | Val Loss: 0.063236
2025-10-16 13:39:40,004 - train_logger - INFO - Epoch 58/100 | Train Loss: 0.057533 | Val Loss: 0.063245
2025-10-16 13:40:06,148 - train_logger - INFO - Epoch 59/100 | Train Loss: 0.057493 | Val Loss: 0.064083
2025-10-16 13:40:33,044 - train_logger - INFO - Epoch 60/100 | Train Loss: 0.057460 | Val Loss: 0.063134
2025-10-16 13:40:59,202 - train_logger - INFO - Epoch 61/100 | Train Loss: 0.057044 | Val Loss: 0.063130
2025-10-16 13:41:25,327 - train_logger - INFO - Epoch 62/100 | Train Loss: 0.057087 | Val Loss: 0.064070
2025-10-16 13:41:51,535 - train_logger - INFO - Epoch 63/100 | Train Loss: 0.056999 | Val Loss: 0.062866
2025-10-16 13:42:17,668 - train_logger - INFO - Epoch 64/100 | Train Loss: 0.057005 | Val Loss: 0.063102
2025-10-16 13:42:43,875 - train_logger - INFO - Epoch 65/100 | Train Loss: 0.056974 | Val Loss: 0.062653
2025-10-16 13:42:43,880 - train_logger - INFO - Early stopping triggered after 65 epochs
2025-10-16 13:42:43,880 - train_logger - INFO - Training completed in 1699.72 seconds
