2025-10-15 23:15:18,183 - train_logger - INFO - Model Bi-TSENet initialized with 205231 trainable parameters
2025-10-15 23:15:18,882 - train_logger - INFO - Starting Bi-TSENet training on data7 dataset with 883 nodes
2025-10-15 23:20:40,554 - train_logger - INFO - Epoch 1/100 | Train Loss: 0.093900 | Val Loss: 0.057795
2025-10-15 23:20:40,569 - train_logger - INFO - Saved new best model with validation loss: 0.057795
2025-10-15 23:26:00,252 - train_logger - INFO - Epoch 2/100 | Train Loss: 0.061262 | Val Loss: 0.055938
2025-10-15 23:26:00,259 - train_logger - INFO - Saved new best model with validation loss: 0.055938
2025-10-15 23:31:20,289 - train_logger - INFO - Epoch 3/100 | Train Loss: 0.059018 | Val Loss: 0.054551
2025-10-15 23:31:20,309 - train_logger - INFO - Saved new best model with validation loss: 0.054551
2025-10-15 23:36:46,180 - train_logger - INFO - Epoch 4/100 | Train Loss: 0.057676 | Val Loss: 0.054660
2025-10-15 23:42:12,123 - train_logger - INFO - Epoch 5/100 | Train Loss: 0.057999 | Val Loss: 0.053034
2025-10-15 23:42:12,132 - train_logger - INFO - Saved new best model with validation loss: 0.053034
2025-10-15 23:47:38,024 - train_logger - INFO - Epoch 6/100 | Train Loss: 0.056670 | Val Loss: 0.053515
2025-10-15 23:53:04,100 - train_logger - INFO - Epoch 7/100 | Train Loss: 0.057167 | Val Loss: 0.057074
2025-10-15 23:58:30,013 - train_logger - INFO - Epoch 8/100 | Train Loss: 0.056671 | Val Loss: 0.052450
2025-10-15 23:58:30,026 - train_logger - INFO - Saved new best model with validation loss: 0.052450
2025-10-16 00:03:56,012 - train_logger - INFO - Epoch 9/100 | Train Loss: 0.056039 | Val Loss: 0.053781
2025-10-16 00:09:22,091 - train_logger - INFO - Epoch 10/100 | Train Loss: 0.055679 | Val Loss: 0.051275
2025-10-16 00:09:22,097 - train_logger - INFO - Saved new best model with validation loss: 0.051275
2025-10-16 00:14:48,084 - train_logger - INFO - Epoch 11/100 | Train Loss: 0.053708 | Val Loss: 0.050372
2025-10-16 00:14:48,103 - train_logger - INFO - Saved new best model with validation loss: 0.050372
2025-10-16 00:20:14,662 - train_logger - INFO - Epoch 12/100 | Train Loss: 0.052919 | Val Loss: 0.050254
2025-10-16 00:20:14,672 - train_logger - INFO - Saved new best model with validation loss: 0.050254
2025-10-16 00:25:41,263 - train_logger - INFO - Epoch 13/100 | Train Loss: 0.053258 | Val Loss: 0.050591
2025-10-16 00:31:07,653 - train_logger - INFO - Epoch 14/100 | Train Loss: 0.052465 | Val Loss: 0.050717
2025-10-16 00:36:33,829 - train_logger - INFO - Epoch 15/100 | Train Loss: 0.052263 | Val Loss: 0.049305
2025-10-16 00:36:33,841 - train_logger - INFO - Saved new best model with validation loss: 0.049305
2025-10-16 00:41:59,804 - train_logger - INFO - Epoch 16/100 | Train Loss: 0.051938 | Val Loss: 0.050172
2025-10-16 00:47:25,796 - train_logger - INFO - Epoch 17/100 | Train Loss: 0.051781 | Val Loss: 0.048723
2025-10-16 00:47:25,801 - train_logger - INFO - Saved new best model with validation loss: 0.048723
2025-10-16 00:52:51,816 - train_logger - INFO - Epoch 18/100 | Train Loss: 0.051791 | Val Loss: 0.048897
2025-10-16 00:58:17,944 - train_logger - INFO - Epoch 19/100 | Train Loss: 0.052462 | Val Loss: 0.049331
2025-10-16 01:03:44,003 - train_logger - INFO - Epoch 20/100 | Train Loss: 0.051689 | Val Loss: 0.050618
2025-10-16 01:09:10,061 - train_logger - INFO - Epoch 21/100 | Train Loss: 0.051198 | Val Loss: 0.048278
2025-10-16 01:09:10,068 - train_logger - INFO - Saved new best model with validation loss: 0.048278
2025-10-16 01:14:36,152 - train_logger - INFO - Epoch 22/100 | Train Loss: 0.050974 | Val Loss: 0.048424
2025-10-16 01:20:02,257 - train_logger - INFO - Epoch 23/100 | Train Loss: 0.051040 | Val Loss: 0.048559
2025-10-16 01:25:28,288 - train_logger - INFO - Epoch 24/100 | Train Loss: 0.050913 | Val Loss: 0.048264
2025-10-16 01:25:28,305 - train_logger - INFO - Saved new best model with validation loss: 0.048264
2025-10-16 01:30:54,348 - train_logger - INFO - Epoch 25/100 | Train Loss: 0.050661 | Val Loss: 0.049091
2025-10-16 01:36:20,525 - train_logger - INFO - Epoch 26/100 | Train Loss: 0.050813 | Val Loss: 0.048747
2025-10-16 01:41:46,985 - train_logger - INFO - Epoch 27/100 | Train Loss: 0.050653 | Val Loss: 0.048759
2025-10-16 01:47:13,217 - train_logger - INFO - Epoch 28/100 | Train Loss: 0.050721 | Val Loss: 0.048286
2025-10-16 01:52:39,389 - train_logger - INFO - Epoch 29/100 | Train Loss: 0.050626 | Val Loss: 0.048256
2025-10-16 01:52:39,399 - train_logger - INFO - Saved new best model with validation loss: 0.048256
2025-10-16 01:58:05,582 - train_logger - INFO - Epoch 30/100 | Train Loss: 0.050620 | Val Loss: 0.048039
2025-10-16 01:58:05,593 - train_logger - INFO - Saved new best model with validation loss: 0.048039
2025-10-16 02:03:31,555 - train_logger - INFO - Epoch 31/100 | Train Loss: 0.050120 | Val Loss: 0.048513
2025-10-16 02:08:57,557 - train_logger - INFO - Epoch 32/100 | Train Loss: 0.050023 | Val Loss: 0.047936
2025-10-16 02:08:57,574 - train_logger - INFO - Saved new best model with validation loss: 0.047936
2025-10-16 02:14:23,489 - train_logger - INFO - Epoch 33/100 | Train Loss: 0.049919 | Val Loss: 0.047922
2025-10-16 02:14:23,510 - train_logger - INFO - Saved new best model with validation loss: 0.047922
2025-10-16 02:19:49,657 - train_logger - INFO - Epoch 34/100 | Train Loss: 0.049962 | Val Loss: 0.049494
2025-10-16 02:25:15,778 - train_logger - INFO - Epoch 35/100 | Train Loss: 0.049876 | Val Loss: 0.048073
2025-10-16 02:30:41,721 - train_logger - INFO - Epoch 36/100 | Train Loss: 0.049887 | Val Loss: 0.047588
2025-10-16 02:30:41,733 - train_logger - INFO - Saved new best model with validation loss: 0.047588
2025-10-16 02:36:07,659 - train_logger - INFO - Epoch 37/100 | Train Loss: 0.049834 | Val Loss: 0.048294
2025-10-16 02:41:34,016 - train_logger - INFO - Epoch 38/100 | Train Loss: 0.049864 | Val Loss: 0.048263
2025-10-16 02:47:00,219 - train_logger - INFO - Epoch 39/100 | Train Loss: 0.049860 | Val Loss: 0.047456
2025-10-16 02:47:00,227 - train_logger - INFO - Saved new best model with validation loss: 0.047456
2025-10-16 02:52:26,282 - train_logger - INFO - Epoch 40/100 | Train Loss: 0.049736 | Val Loss: 0.047806
2025-10-16 02:57:52,354 - train_logger - INFO - Epoch 41/100 | Train Loss: 0.049365 | Val Loss: 0.047610
2025-10-16 03:03:18,843 - train_logger - INFO - Epoch 42/100 | Train Loss: 0.049369 | Val Loss: 0.047261
2025-10-16 03:03:18,854 - train_logger - INFO - Saved new best model with validation loss: 0.047261
2025-10-16 03:08:45,347 - train_logger - INFO - Epoch 43/100 | Train Loss: 0.049307 | Val Loss: 0.047412
2025-10-16 03:14:11,653 - train_logger - INFO - Epoch 44/100 | Train Loss: 0.049357 | Val Loss: 0.047327
2025-10-16 03:19:38,009 - train_logger - INFO - Epoch 45/100 | Train Loss: 0.049342 | Val Loss: 0.047122
2025-10-16 03:19:38,025 - train_logger - INFO - Saved new best model with validation loss: 0.047122
2025-10-16 03:25:04,058 - train_logger - INFO - Epoch 46/100 | Train Loss: 0.049197 | Val Loss: 0.047193
2025-10-16 03:30:29,949 - train_logger - INFO - Epoch 47/100 | Train Loss: 0.049263 | Val Loss: 0.047474
2025-10-16 03:35:56,082 - train_logger - INFO - Epoch 48/100 | Train Loss: 0.049227 | Val Loss: 0.047564
2025-10-16 03:41:22,033 - train_logger - INFO - Epoch 49/100 | Train Loss: 0.049191 | Val Loss: 0.047167
2025-10-16 03:46:47,994 - train_logger - INFO - Epoch 50/100 | Train Loss: 0.049126 | Val Loss: 0.047395
2025-10-16 03:52:14,030 - train_logger - INFO - Epoch 51/100 | Train Loss: 0.049025 | Val Loss: 0.047849
2025-10-16 03:57:40,018 - train_logger - INFO - Epoch 52/100 | Train Loss: 0.048959 | Val Loss: 0.047319
2025-10-16 04:03:05,946 - train_logger - INFO - Epoch 53/100 | Train Loss: 0.048905 | Val Loss: 0.047203
2025-10-16 04:08:31,793 - train_logger - INFO - Epoch 54/100 | Train Loss: 0.048810 | Val Loss: 0.047152
2025-10-16 04:13:57,704 - train_logger - INFO - Epoch 55/100 | Train Loss: 0.048829 | Val Loss: 0.047539
2025-10-16 04:19:23,773 - train_logger - INFO - Epoch 56/100 | Train Loss: 0.048884 | Val Loss: 0.047318
2025-10-16 04:24:50,201 - train_logger - INFO - Epoch 57/100 | Train Loss: 0.048849 | Val Loss: 0.046924
2025-10-16 04:24:50,210 - train_logger - INFO - Saved new best model with validation loss: 0.046924
2025-10-16 04:30:16,417 - train_logger - INFO - Epoch 58/100 | Train Loss: 0.048806 | Val Loss: 0.047071
2025-10-16 04:35:42,796 - train_logger - INFO - Epoch 59/100 | Train Loss: 0.048801 | Val Loss: 0.047214
2025-10-16 04:41:08,951 - train_logger - INFO - Epoch 60/100 | Train Loss: 0.048835 | Val Loss: 0.047048
2025-10-16 04:46:34,754 - train_logger - INFO - Epoch 61/100 | Train Loss: 0.048546 | Val Loss: 0.046750
2025-10-16 04:46:34,759 - train_logger - INFO - Saved new best model with validation loss: 0.046750
2025-10-16 04:52:00,578 - train_logger - INFO - Epoch 62/100 | Train Loss: 0.048533 | Val Loss: 0.046837
2025-10-16 04:57:26,535 - train_logger - INFO - Epoch 63/100 | Train Loss: 0.048487 | Val Loss: 0.046893
2025-10-16 05:02:52,442 - train_logger - INFO - Epoch 64/100 | Train Loss: 0.048483 | Val Loss: 0.046942
2025-10-16 05:08:18,491 - train_logger - INFO - Epoch 65/100 | Train Loss: 0.048479 | Val Loss: 0.047069
2025-10-16 05:13:44,549 - train_logger - INFO - Epoch 66/100 | Train Loss: 0.048459 | Val Loss: 0.046788
2025-10-16 05:19:10,558 - train_logger - INFO - Epoch 67/100 | Train Loss: 0.048523 | Val Loss: 0.046782
2025-10-16 05:24:36,540 - train_logger - INFO - Epoch 68/100 | Train Loss: 0.048494 | Val Loss: 0.046881
2025-10-16 05:30:02,532 - train_logger - INFO - Epoch 69/100 | Train Loss: 0.048372 | Val Loss: 0.046811
2025-10-16 05:35:28,524 - train_logger - INFO - Epoch 70/100 | Train Loss: 0.048419 | Val Loss: 0.047311
2025-10-16 05:40:54,553 - train_logger - INFO - Epoch 71/100 | Train Loss: 0.048272 | Val Loss: 0.046667
2025-10-16 05:40:54,572 - train_logger - INFO - Saved new best model with validation loss: 0.046667
2025-10-16 05:46:20,788 - train_logger - INFO - Epoch 72/100 | Train Loss: 0.048209 | Val Loss: 0.046765
2025-10-16 05:51:46,981 - train_logger - INFO - Epoch 73/100 | Train Loss: 0.048250 | Val Loss: 0.046657
2025-10-16 05:51:46,995 - train_logger - INFO - Saved new best model with validation loss: 0.046657
2025-10-16 05:57:13,390 - train_logger - INFO - Epoch 74/100 | Train Loss: 0.048250 | Val Loss: 0.046609
2025-10-16 05:57:13,397 - train_logger - INFO - Saved new best model with validation loss: 0.046609
2025-10-16 06:02:39,520 - train_logger - INFO - Epoch 75/100 | Train Loss: 0.048234 | Val Loss: 0.046865
2025-10-16 06:08:05,425 - train_logger - INFO - Epoch 76/100 | Train Loss: 0.048187 | Val Loss: 0.046719
2025-10-16 06:13:31,323 - train_logger - INFO - Epoch 77/100 | Train Loss: 0.048152 | Val Loss: 0.046783
2025-10-16 06:18:57,264 - train_logger - INFO - Epoch 78/100 | Train Loss: 0.048184 | Val Loss: 0.046766
2025-10-16 06:24:23,192 - train_logger - INFO - Epoch 79/100 | Train Loss: 0.048133 | Val Loss: 0.046651
2025-10-16 06:29:49,324 - train_logger - INFO - Epoch 80/100 | Train Loss: 0.048198 | Val Loss: 0.046935
2025-10-16 06:35:15,286 - train_logger - INFO - Epoch 81/100 | Train Loss: 0.048007 | Val Loss: 0.046631
2025-10-16 06:40:41,181 - train_logger - INFO - Epoch 82/100 | Train Loss: 0.047991 | Val Loss: 0.046559
2025-10-16 06:40:41,194 - train_logger - INFO - Saved new best model with validation loss: 0.046559
2025-10-16 06:46:07,148 - train_logger - INFO - Epoch 83/100 | Train Loss: 0.047974 | Val Loss: 0.046635
2025-10-16 06:51:33,153 - train_logger - INFO - Epoch 84/100 | Train Loss: 0.047974 | Val Loss: 0.046709
2025-10-16 06:56:59,114 - train_logger - INFO - Epoch 85/100 | Train Loss: 0.047967 | Val Loss: 0.046650
2025-10-16 07:02:25,113 - train_logger - INFO - Epoch 86/100 | Train Loss: 0.047973 | Val Loss: 0.046567
2025-10-16 07:07:51,421 - train_logger - INFO - Epoch 87/100 | Train Loss: 0.047937 | Val Loss: 0.046537
2025-10-16 07:07:51,429 - train_logger - INFO - Saved new best model with validation loss: 0.046537
2025-10-16 07:13:17,493 - train_logger - INFO - Epoch 88/100 | Train Loss: 0.047978 | Val Loss: 0.046673
2025-10-16 07:18:48,470 - train_logger - INFO - Epoch 89/100 | Train Loss: 0.047929 | Val Loss: 0.046743
2025-10-16 07:24:39,805 - train_logger - INFO - Epoch 90/100 | Train Loss: 0.047935 | Val Loss: 0.046746
2025-10-16 07:30:24,644 - train_logger - INFO - Epoch 91/100 | Train Loss: 0.047820 | Val Loss: 0.046503
2025-10-16 07:30:24,660 - train_logger - INFO - Saved new best model with validation loss: 0.046503
2025-10-16 07:36:11,947 - train_logger - INFO - Epoch 92/100 | Train Loss: 0.047806 | Val Loss: 0.046491
2025-10-16 07:36:11,963 - train_logger - INFO - Saved new best model with validation loss: 0.046491
2025-10-16 07:42:39,211 - train_logger - INFO - Epoch 93/100 | Train Loss: 0.047793 | Val Loss: 0.046669
2025-10-16 07:49:16,168 - train_logger - INFO - Epoch 94/100 | Train Loss: 0.047780 | Val Loss: 0.046443
2025-10-16 07:49:16,184 - train_logger - INFO - Saved new best model with validation loss: 0.046443
2025-10-16 07:55:53,539 - train_logger - INFO - Epoch 95/100 | Train Loss: 0.047783 | Val Loss: 0.046453
2025-10-16 08:02:32,382 - train_logger - INFO - Epoch 96/100 | Train Loss: 0.047791 | Val Loss: 0.046589
2025-10-16 08:09:53,724 - train_logger - INFO - Epoch 97/100 | Train Loss: 0.047784 | Val Loss: 0.046646
2025-10-16 08:17:06,018 - train_logger - INFO - Epoch 98/100 | Train Loss: 0.047781 | Val Loss: 0.046667
2025-10-16 08:24:04,510 - train_logger - INFO - Epoch 99/100 | Train Loss: 0.047737 | Val Loss: 0.046551
2025-10-16 08:31:52,240 - train_logger - INFO - Epoch 100/100 | Train Loss: 0.047733 | Val Loss: 0.046520
2025-10-16 08:31:52,240 - train_logger - INFO - Training completed in 33393.36 seconds
